Task: T003
source = USER_EXECUTED_EXTERNAL_ENVIRONMENT
environment = Windows ordinary non-admin PowerShell
privilege_elevation = false
Recorded: 2026-08-07

command =
cd C:\Users\ww\Desktop\SE-w-mentor
.\backend\.venv\Scripts\python.exe scripts\check_all.py

result = PASS

format = PASS
27 files already formatted

ruff = PASS
All checks passed!

mypy = PASS
Success: no issues found in 25 source files

backend_pytest =
13 passed
1 existing warning

frontend_type_check = PASS

frontend_vitest =
Test Files 1 passed
Tests 1 passed

warning_classification =
StarletteDeprecationWarning is an existing third-party dependency warning and is not a T003 blocker.

sandbox_classification =
CODEX_SANDBOX_NATIVE_CHILD_RESTRICTION

repository_defect =
NOT PRESENT

privilege_escalation =
NOT REQUIRED
